// Jest Snapshot v1, https://goo.gl/fbAQLP

exports[`Header renders correctly 1`] = `
<header>
  <div
    className="container"
  >
    <a
      href="/"
    >
      <img
        alt="logo"
        className="headerImg"
        src="test-file-stub"
      />
    </a>
  </div>
</header>
`;
