// Jest Snapshot v1, https://goo.gl/fbAQLP

exports[`Program Header renders correctly 1`] = `
<div
  className="container"
>
  <h3 />
  <button
    className="modalButton"
    onClick={[Function]}
  >
    Learn more
  </button>
</div>
`;
